
> moncy-portfolio@0.0.0 build
> tsc -b && vite build

[36mvite v5.4.4 [32mbuilding for production...[36m[39m
transforming...
node.exe : node_modules/thr
ee-stdlib/libs/lottie.js 
(13062:32): Use of eval in 
"node_modules/three-stdlib/
libs/lottie.js" is 
strongly discouraged as it 
poses security risks and 
may cause issues with 
minification.
At line:1 char:1
+ & "C:\Program 
Files\nodejs/node.exe" 
"C:\Program 
Files\nodejs/node_mo ...
+ ~~~~~~~~~~~~~~~~~~~~~~~~~
~~~~~~~~~~~~~~~~~~~~~~~~~~~
~~~~~~~~~~~~~~~~~
    + CategoryInfo         
     : NotSpecified: (nod  
  e_modules/th...h minif   
 ication.:String) [], R    
emoteException
    + FullyQualifiedErrorI 
   d : NativeCommandError
 
[32mΓ£ô[39m 387 modules transformed.
rendering chunks...
computing gzip size...
[2mdist/[22m[32mindex.html                         [39m[1m[2m  0.71 kB[22m[1m[22m[2m Γöé gzip:   0.41 kB[22m
[2mdist/[22m[35massets/Navbar-BnKDS5-F.css         [39m[1m[2m  1.36 kB[22m[1m[22m[2m Γöé gzip:   0.57 kB[22m
[2mdist/[22m[35massets/MyWorks-BUvDkKhq.css        [39m[1m[2m  1.90 kB[22m[1m[22m[2m Γöé gzip:   0.73 kB[22m
[2mdist/[22m[35massets/index-Dy5XKj18.css          [39m[1m[2m  8.23 kB[22m[1m[22m[2m Γöé gzip:   2.34 kB[22m
[2mdist/[22m[35massets/MainContainer-CFSMMvbe.css  [39m[1m[2m 27.64 kB[22m[1m[22m[2m Γöé gzip:   5.77 kB[22m
[2mdist/[22m[36massets/MyWorks-DegRLpoJ.js         [39m[1m[2m  1.11 kB[22m[1m[22m[2m Γöé gzip:   0.46 kB[22m
[2mdist/[22m[36massets/initialFX-CoNC2tsj.js       [39m[1m[2m  1.68 kB[22m[1m[22m[2m Γöé gzip:   0.69 kB[22m
[2mdist/[22m[36massets/config-RwdeKo1U.js          [39m[1m[2m  6.09 kB[22m[1m[22m[2m Γöé gzip:   2.45 kB[22m
[2mdist/[22m[36massets/index-9A98fHE5.js           [39m[1m[2m  9.83 kB[22m[1m[22m[2m Γöé gzip:   3.81 kB[22m
[2mdist/[22m[36massets/index-CvLwCU0J.js           [39m[1m[2m 10.53 kB[22m[1m[22m[2m Γöé gzip:   3.95 kB[22m
[2mdist/[22m[36massets/Navbar-mEuUgB58.js          [39m[1m[2m 21.62 kB[22m[1m[22m[2m Γöé gzip:   6.25 kB[22m
[2mdist/[22m[36massets/MainContainer-DLm1JJvj.js   [39m[1m[2m 24.67 kB[22m[1m[22m[2m Γöé gzip:   7.22 kB[22m
[2mdist/[22m[36massets/vendor-DgkQOziQ.js          [39m[1m[2m 34.46 kB[22m[1m[22m[2m Γöé gzip:  12.39 kB[22m
[2mdist/[22m[36massets/ScrollTrigger-Cyj2mlPb.js   [39m[1m[2m 42.95 kB[22m[1m[22m[2m Γöé gzip:  17.38 kB[22m
[2mdist/[22m[36massets/gsap-BaqsKTKs.js            [39m[1m[2m 69.32 kB[22m[1m[22m[2m Γöé gzip:  27.17 kB[22m
[2mdist/[22m[36massets/react-three-BdgxNMf0.js     [39m[1m[2m141.50 kB[22m[1m[22m[2m Γöé gzip:  45.46 kB[22m
[2mdist/[22m[36massets/three-CbFrQusb.js           [39m[1m[2m580.03 kB[22m[1m[22m[2m Γöé gzip: 144.35 kB[22m
[32mΓ£ô built in 21.53s[39m
